// Jest Snapshot v1, https://goo.gl/fbAQLP

exports[`<Profile/> matches snapshot 1`] = `
<div>
  <div>
    <b>
      juliecho1993
    </b>
    Â 
    <span>
      (
      julie
      )
    </span>
  </div>
</div>
`;
